Archive member included because of file (symbol)

c:/program files (x86)/gnu tools arm embedded/4.8 2014q2/bin/../lib/gcc/arm-none-eabi/4.8.4/armv6-m\libgcc.a(_udivsi3.o)
                              ..\obj\stm32f0xx_rcc.o (__aeabi_uidiv)
c:/program files (x86)/gnu tools arm embedded/4.8 2014q2/bin/../lib/gcc/arm-none-eabi/4.8.4/armv6-m\libgcc.a(_dvmd_tls.o)
                              c:/program files (x86)/gnu tools arm embedded/4.8 2014q2/bin/../lib/gcc/arm-none-eabi/4.8.4/armv6-m\libgcc.a(_udivsi3.o) (__aeabi_idiv0)
c:/program files (x86)/gnu tools arm embedded/4.8 2014q2/bin/../lib/gcc/arm-none-eabi/4.8.4/armv6-m\libgcc.a(divsf3.o)
                              ..\obj\main.o (__aeabi_fdiv)
c:/program files (x86)/gnu tools arm embedded/4.8 2014q2/bin/../lib/gcc/arm-none-eabi/4.8.4/armv6-m\libgcc.a(mulsf3.o)
                              ..\obj\main.o (__aeabi_fmul)
c:/program files (x86)/gnu tools arm embedded/4.8 2014q2/bin/../lib/gcc/arm-none-eabi/4.8.4/armv6-m\libgcc.a(floatunsisf.o)
                              ..\obj\main.o (__aeabi_ui2f)
c:/program files (x86)/gnu tools arm embedded/4.8 2014q2/bin/../lib/gcc/arm-none-eabi/4.8.4/armv6-m\libgcc.a(_clzsi2.o)
                              c:/program files (x86)/gnu tools arm embedded/4.8 2014q2/bin/../lib/gcc/arm-none-eabi/4.8.4/armv6-m\libgcc.a(divsf3.o) (__clzsi2)

Allocating common symbols
Common symbol       size              file

N                   0x3               ..\obj\main.o
TB                  0xc               ..\obj\main.o
G                   0x8               ..\obj\main.o
E                   0x8               ..\obj\main.o
RC                  0x1c              ..\obj\main.o

Discarded input sections

 .text          0x00000000        0x0 ..\obj\stm32f0xx_rcc.o
 .bss           0x00000000        0x0 ..\obj\stm32f0xx_rcc.o
 .text.RCC_DeInit
                0x00000000       0x88 ..\obj\stm32f0xx_rcc.o
 .text.RCC_HSEConfig
                0x00000000       0x24 ..\obj\stm32f0xx_rcc.o
 .text.RCC_WaitForHSEStartUp
                0x00000000       0x60 ..\obj\stm32f0xx_rcc.o
 .text.RCC_AdjustHSICalibrationValue
                0x00000000       0x3c ..\obj\stm32f0xx_rcc.o
 .text.RCC_HSICmd
                0x00000000       0x38 ..\obj\stm32f0xx_rcc.o
 .text.RCC_AdjustHSI14CalibrationValue
                0x00000000       0x3c ..\obj\stm32f0xx_rcc.o
 .text.RCC_HSI14Cmd
                0x00000000       0x38 ..\obj\stm32f0xx_rcc.o
 .text.RCC_HSI14ADCRequestCmd
                0x00000000       0x38 ..\obj\stm32f0xx_rcc.o
 .text.RCC_LSEConfig
                0x00000000       0x38 ..\obj\stm32f0xx_rcc.o
 .text.RCC_LSEDriveConfig
                0x00000000       0x2c ..\obj\stm32f0xx_rcc.o
 .text.RCC_LSICmd
                0x00000000       0x38 ..\obj\stm32f0xx_rcc.o
 .text.RCC_PLLConfig
                0x00000000       0x34 ..\obj\stm32f0xx_rcc.o
 .text.RCC_PLLCmd
                0x00000000       0x40 ..\obj\stm32f0xx_rcc.o
 .text.RCC_PREDIV1Config
                0x00000000       0x34 ..\obj\stm32f0xx_rcc.o
 .text.RCC_ClockSecuritySystemCmd
                0x00000000       0x40 ..\obj\stm32f0xx_rcc.o
 .text.RCC_MCOConfig
                0x00000000       0x20 ..\obj\stm32f0xx_rcc.o
 .text.RCC_SYSCLKConfig
                0x00000000       0x34 ..\obj\stm32f0xx_rcc.o
 .text.RCC_GetSYSCLKSource
                0x00000000       0x1c ..\obj\stm32f0xx_rcc.o
 .text.RCC_HCLKConfig
                0x00000000       0x34 ..\obj\stm32f0xx_rcc.o
 .text.RCC_PCLKConfig
                0x00000000       0x38 ..\obj\stm32f0xx_rcc.o
 .text.RCC_ADCCLKConfig
                0x00000000       0x50 ..\obj\stm32f0xx_rcc.o
 .text.RCC_CECCLKConfig
                0x00000000       0x2c ..\obj\stm32f0xx_rcc.o
 .text.RCC_I2CCLKConfig
                0x00000000       0x2c ..\obj\stm32f0xx_rcc.o
 .text.RCC_USARTCLKConfig
                0x00000000       0x2c ..\obj\stm32f0xx_rcc.o
 .text.RCC_RTCCLKConfig
                0x00000000       0x20 ..\obj\stm32f0xx_rcc.o
 .text.RCC_RTCCLKCmd
                0x00000000       0x40 ..\obj\stm32f0xx_rcc.o
 .text.RCC_BackupResetCmd
                0x00000000       0x40 ..\obj\stm32f0xx_rcc.o
 .text.RCC_APB2PeriphClockCmd
                0x00000000       0x3c ..\obj\stm32f0xx_rcc.o
 .text.RCC_AHBPeriphResetCmd
                0x00000000       0x3c ..\obj\stm32f0xx_rcc.o
 .text.RCC_APB2PeriphResetCmd
                0x00000000       0x3c ..\obj\stm32f0xx_rcc.o
 .text.RCC_APB1PeriphResetCmd
                0x00000000       0x3c ..\obj\stm32f0xx_rcc.o
 .text.RCC_ITConfig
                0x00000000       0x50 ..\obj\stm32f0xx_rcc.o
 .text.RCC_GetFlagStatus
                0x00000000       0x90 ..\obj\stm32f0xx_rcc.o
 .text.RCC_ClearFlag
                0x00000000       0x1c ..\obj\stm32f0xx_rcc.o
 .text.RCC_GetITStatus
                0x00000000       0x44 ..\obj\stm32f0xx_rcc.o
 .text.RCC_ClearITPendingBit
                0x00000000       0x20 ..\obj\stm32f0xx_rcc.o
 .text          0x00000000        0x0 ..\obj\main.o
 .text          0x00000000       0x14 ..\obj\startup_stm32f0xx.o
 .data          0x00000000        0x0 ..\obj\startup_stm32f0xx.o
 .bss           0x00000000        0x0 ..\obj\startup_stm32f0xx.o
 .text          0x00000000        0x0 ..\obj\system_stm32f0xx_temp.o
 .bss           0x00000000        0x0 ..\obj\system_stm32f0xx_temp.o
 .text.SystemCoreClockUpdate1
                0x00000000       0xd0 ..\obj\system_stm32f0xx_temp.o
 .text          0x00000000        0x0 ..\obj\stm32f0xx_gpio.o
 .data          0x00000000        0x0 ..\obj\stm32f0xx_gpio.o
 .bss           0x00000000        0x0 ..\obj\stm32f0xx_gpio.o
 .text.GPIO_DeInit
                0x00000000       0xc8 ..\obj\stm32f0xx_gpio.o
 .text.GPIO_StructInit
                0x00000000       0x30 ..\obj\stm32f0xx_gpio.o
 .text.GPIO_PinLockConfig
                0x00000000       0x44 ..\obj\stm32f0xx_gpio.o
 .text.GPIO_ReadInputDataBit
                0x00000000       0x48 ..\obj\stm32f0xx_gpio.o
 .text.GPIO_ReadInputData
                0x00000000       0x18 ..\obj\stm32f0xx_gpio.o
 .text.GPIO_ReadOutputDataBit
                0x00000000       0x48 ..\obj\stm32f0xx_gpio.o
 .text.GPIO_ReadOutputData
                0x00000000       0x18 ..\obj\stm32f0xx_gpio.o
 .text.GPIO_WriteBit
                0x00000000       0x30 ..\obj\stm32f0xx_gpio.o
 .text.GPIO_Write
                0x00000000       0x1c ..\obj\stm32f0xx_gpio.o
 .text.GPIO_PinAFConfig
                0x00000000       0x9c ..\obj\stm32f0xx_gpio.o
 .text          0x00000000        0x0 ..\obj\stm32f0xx_tim.o
 .data          0x00000000        0x0 ..\obj\stm32f0xx_tim.o
 .bss           0x00000000        0x0 ..\obj\stm32f0xx_tim.o
 .text.TIM_DeInit
                0x00000000      0x124 ..\obj\stm32f0xx_tim.o
 .text.TIM_TimeBaseStructInit
                0x00000000       0x30 ..\obj\stm32f0xx_tim.o
 .text.TIM_PrescalerConfig
                0x00000000       0x28 ..\obj\stm32f0xx_tim.o
 .text.TIM_CounterModeConfig
                0x00000000       0x54 ..\obj\stm32f0xx_tim.o
 .text.TIM_SetAutoreload
                0x00000000       0x18 ..\obj\stm32f0xx_tim.o
 .text.TIM_GetPrescaler
                0x00000000       0x18 ..\obj\stm32f0xx_tim.o
 .text.TIM_UpdateDisableConfig
                0x00000000       0x40 ..\obj\stm32f0xx_tim.o
 .text.TIM_UpdateRequestConfig
                0x00000000       0x40 ..\obj\stm32f0xx_tim.o
 .text.TIM_ARRPreloadConfig
                0x00000000       0x40 ..\obj\stm32f0xx_tim.o
 .text.TIM_SelectOnePulseMode
                0x00000000       0x38 ..\obj\stm32f0xx_tim.o
 .text.TIM_SetClockDivision
                0x00000000       0x3c ..\obj\stm32f0xx_tim.o
 .text.TIM_BDTRConfig
                0x00000000       0x4c ..\obj\stm32f0xx_tim.o
 .text.TIM_BDTRStructInit
                0x00000000       0x38 ..\obj\stm32f0xx_tim.o
 .text.TIM_CtrlPWMOutputs
                0x00000000       0x4c ..\obj\stm32f0xx_tim.o
 .text.TIM_OC1Init
                0x00000000      0x1a4 ..\obj\stm32f0xx_tim.o
 .text.TIM_OC2Init
                0x00000000      0x1b8 ..\obj\stm32f0xx_tim.o
 .text.TIM_OC3Init
                0x00000000      0x1a8 ..\obj\stm32f0xx_tim.o
 .text.TIM_OC4Init
                0x00000000      0x134 ..\obj\stm32f0xx_tim.o
 .text.TIM_OCStructInit
                0x00000000       0x40 ..\obj\stm32f0xx_tim.o
 .text.TIM_SelectOCxM
                0x00000000       0xc0 ..\obj\stm32f0xx_tim.o
 .text.TIM_SetCompare1
                0x00000000       0x18 ..\obj\stm32f0xx_tim.o
 .text.TIM_SetCompare2
                0x00000000       0x18 ..\obj\stm32f0xx_tim.o
 .text.TIM_SetCompare3
                0x00000000       0x18 ..\obj\stm32f0xx_tim.o
 .text.TIM_SetCompare4
                0x00000000       0x18 ..\obj\stm32f0xx_tim.o
 .text.TIM_ForcedOC1Config
                0x00000000       0x54 ..\obj\stm32f0xx_tim.o
 .text.TIM_ForcedOC2Config
                0x00000000       0x5c ..\obj\stm32f0xx_tim.o
 .text.TIM_ForcedOC3Config
                0x00000000       0x54 ..\obj\stm32f0xx_tim.o
 .text.TIM_ForcedOC4Config
                0x00000000       0x5c ..\obj\stm32f0xx_tim.o
 .text.TIM_CCPreloadControl
                0x00000000       0x40 ..\obj\stm32f0xx_tim.o
 .text.TIM_OC1PreloadConfig
                0x00000000       0x54 ..\obj\stm32f0xx_tim.o
 .text.TIM_OC2PreloadConfig
                0x00000000       0x5c ..\obj\stm32f0xx_tim.o
 .text.TIM_OC3PreloadConfig
                0x00000000       0x54 ..\obj\stm32f0xx_tim.o
 .text.TIM_OC4PreloadConfig
                0x00000000       0x5c ..\obj\stm32f0xx_tim.o
 .text.TIM_OC1FastConfig
                0x00000000       0x54 ..\obj\stm32f0xx_tim.o
 .text.TIM_OC2FastConfig
                0x00000000       0x5c ..\obj\stm32f0xx_tim.o
 .text.TIM_OC3FastConfig
                0x00000000       0x54 ..\obj\stm32f0xx_tim.o
 .text.TIM_OC4FastConfig
                0x00000000       0x5c ..\obj\stm32f0xx_tim.o
 .text.TIM_ClearOC1Ref
                0x00000000       0x54 ..\obj\stm32f0xx_tim.o
 .text.TIM_ClearOC2Ref
                0x00000000       0x58 ..\obj\stm32f0xx_tim.o
 .text.TIM_ClearOC3Ref
                0x00000000       0x54 ..\obj\stm32f0xx_tim.o
 .text.TIM_ClearOC4Ref
                0x00000000       0x58 ..\obj\stm32f0xx_tim.o
 .text.TIM_OC1PolarityConfig
                0x00000000       0x54 ..\obj\stm32f0xx_tim.o
 .text.TIM_OC1NPolarityConfig
                0x00000000       0x54 ..\obj\stm32f0xx_tim.o
 .text.TIM_OC2PolarityConfig
                0x00000000       0x58 ..\obj\stm32f0xx_tim.o
 .text.TIM_OC2NPolarityConfig
                0x00000000       0x58 ..\obj\stm32f0xx_tim.o
 .text.TIM_OC3PolarityConfig
                0x00000000       0x5c ..\obj\stm32f0xx_tim.o
 .text.TIM_OC3NPolarityConfig
                0x00000000       0x5c ..\obj\stm32f0xx_tim.o
 .text.TIM_OC4PolarityConfig
                0x00000000       0x5c ..\obj\stm32f0xx_tim.o
 .text.TIM_SelectOCREFClear
                0x00000000       0x38 ..\obj\stm32f0xx_tim.o
 .text.TIM_CCxCmd
                0x00000000       0x64 ..\obj\stm32f0xx_tim.o
 .text.TIM_CCxNCmd
                0x00000000       0x64 ..\obj\stm32f0xx_tim.o
 .text.TIM_SelectCOM
                0x00000000       0x40 ..\obj\stm32f0xx_tim.o
 .text.TIM_ICInit
                0x00000000       0xb0 ..\obj\stm32f0xx_tim.o
 .text.TIM_ICStructInit
                0x00000000       0x2c ..\obj\stm32f0xx_tim.o
 .text.TIM_PWMIConfig
                0x00000000       0xe8 ..\obj\stm32f0xx_tim.o
 .text.TIM_GetCapture1
                0x00000000       0x14 ..\obj\stm32f0xx_tim.o
 .text.TIM_GetCapture2
                0x00000000       0x14 ..\obj\stm32f0xx_tim.o
 .text.TIM_GetCapture3
                0x00000000       0x14 ..\obj\stm32f0xx_tim.o
 .text.TIM_GetCapture4
                0x00000000       0x14 ..\obj\stm32f0xx_tim.o
 .text.TIM_SetIC1Prescaler
                0x00000000       0x38 ..\obj\stm32f0xx_tim.o
 .text.TIM_SetIC2Prescaler
                0x00000000       0x40 ..\obj\stm32f0xx_tim.o
 .text.TIM_SetIC3Prescaler
                0x00000000       0x38 ..\obj\stm32f0xx_tim.o
 .text.TIM_SetIC4Prescaler
                0x00000000       0x40 ..\obj\stm32f0xx_tim.o
 .text.TIM_GenerateEvent
                0x00000000       0x1c ..\obj\stm32f0xx_tim.o
 .text.TIM_GetFlagStatus
                0x00000000       0x48 ..\obj\stm32f0xx_tim.o
 .text.TIM_ClearFlag
                0x00000000       0x20 ..\obj\stm32f0xx_tim.o
 .text.TIM_DMAConfig
                0x00000000       0x28 ..\obj\stm32f0xx_tim.o
 .text.TIM_DMACmd
                0x00000000       0x48 ..\obj\stm32f0xx_tim.o
 .text.TIM_SelectCCDMA
                0x00000000       0x40 ..\obj\stm32f0xx_tim.o
 .text.TIM_InternalClockConfig
                0x00000000       0x20 ..\obj\stm32f0xx_tim.o
 .text.TIM_ITRxExternalClockConfig
                0x00000000       0x34 ..\obj\stm32f0xx_tim.o
 .text.TIM_TIxExternalClockConfig
                0x00000000       0x7c ..\obj\stm32f0xx_tim.o
 .text.TIM_ETRClockMode1Config
                0x00000000       0x98 ..\obj\stm32f0xx_tim.o
 .text.TIM_ETRClockMode2Config
                0x00000000       0x4c ..\obj\stm32f0xx_tim.o
 .text.TIM_SelectInputTrigger
                0x00000000       0x54 ..\obj\stm32f0xx_tim.o
 .text.TIM_SelectOutputTrigger
                0x00000000       0x38 ..\obj\stm32f0xx_tim.o
 .text.TIM_SelectSlaveMode
                0x00000000       0x38 ..\obj\stm32f0xx_tim.o
 .text.TIM_SelectMasterSlaveMode
                0x00000000       0x38 ..\obj\stm32f0xx_tim.o
 .text.TIM_ETRConfig
                0x00000000       0x7c ..\obj\stm32f0xx_tim.o
 .text.TIM_EncoderInterfaceConfig
                0x00000000       0xf4 ..\obj\stm32f0xx_tim.o
 .text.TIM_SelectHallSensor
                0x00000000       0x40 ..\obj\stm32f0xx_tim.o
 .text.TIM_RemapConfig
                0x00000000       0x20 ..\obj\stm32f0xx_tim.o
 .text.TI1_Config
                0x00000000       0xc8 ..\obj\stm32f0xx_tim.o
 .text.TI2_Config
                0x00000000       0xf0 ..\obj\stm32f0xx_tim.o
 .text.TI3_Config
                0x00000000       0xe8 ..\obj\stm32f0xx_tim.o
 .text.TI4_Config
                0x00000000       0xf8 ..\obj\stm32f0xx_tim.o
 .text          0x00000000        0x0 ..\obj\stm32f0xx_exti.o
 .data          0x00000000        0x0 ..\obj\stm32f0xx_exti.o
 .bss           0x00000000        0x0 ..\obj\stm32f0xx_exti.o
 .text.EXTI_DeInit
                0x00000000       0x34 ..\obj\stm32f0xx_exti.o
 .text.EXTI_StructInit
                0x00000000       0x28 ..\obj\stm32f0xx_exti.o
 .text.EXTI_GenerateSWInterrupt
                0x00000000       0x20 ..\obj\stm32f0xx_exti.o
 .text.EXTI_GetFlagStatus
                0x00000000       0x40 ..\obj\stm32f0xx_exti.o
 .text.EXTI_ClearFlag
                0x00000000       0x18 ..\obj\stm32f0xx_exti.o
 .text          0x00000000        0x0 ..\obj\stm32f0xx_misc.o
 .data          0x00000000        0x0 ..\obj\stm32f0xx_misc.o
 .bss           0x00000000        0x0 ..\obj\stm32f0xx_misc.o
 .text.NVIC_SystemLPConfig
                0x00000000       0x44 ..\obj\stm32f0xx_misc.o
 .text.SysTick_CLKSourceConfig
                0x00000000       0x34 ..\obj\stm32f0xx_misc.o
 .data          0x00000000        0x0 c:/program files (x86)/gnu tools arm embedded/4.8 2014q2/bin/../lib/gcc/arm-none-eabi/4.8.4/armv6-m\libgcc.a(_udivsi3.o)
 .bss           0x00000000        0x0 c:/program files (x86)/gnu tools arm embedded/4.8 2014q2/bin/../lib/gcc/arm-none-eabi/4.8.4/armv6-m\libgcc.a(_udivsi3.o)
 .data          0x00000000        0x0 c:/program files (x86)/gnu tools arm embedded/4.8 2014q2/bin/../lib/gcc/arm-none-eabi/4.8.4/armv6-m\libgcc.a(_dvmd_tls.o)
 .bss           0x00000000        0x0 c:/program files (x86)/gnu tools arm embedded/4.8 2014q2/bin/../lib/gcc/arm-none-eabi/4.8.4/armv6-m\libgcc.a(_dvmd_tls.o)
 .data          0x00000000        0x0 c:/program files (x86)/gnu tools arm embedded/4.8 2014q2/bin/../lib/gcc/arm-none-eabi/4.8.4/armv6-m\libgcc.a(divsf3.o)
 .bss           0x00000000        0x0 c:/program files (x86)/gnu tools arm embedded/4.8 2014q2/bin/../lib/gcc/arm-none-eabi/4.8.4/armv6-m\libgcc.a(divsf3.o)
 .data          0x00000000        0x0 c:/program files (x86)/gnu tools arm embedded/4.8 2014q2/bin/../lib/gcc/arm-none-eabi/4.8.4/armv6-m\libgcc.a(mulsf3.o)
 .bss           0x00000000        0x0 c:/program files (x86)/gnu tools arm embedded/4.8 2014q2/bin/../lib/gcc/arm-none-eabi/4.8.4/armv6-m\libgcc.a(mulsf3.o)
 .data          0x00000000        0x0 c:/program files (x86)/gnu tools arm embedded/4.8 2014q2/bin/../lib/gcc/arm-none-eabi/4.8.4/armv6-m\libgcc.a(floatunsisf.o)
 .bss           0x00000000        0x0 c:/program files (x86)/gnu tools arm embedded/4.8 2014q2/bin/../lib/gcc/arm-none-eabi/4.8.4/armv6-m\libgcc.a(floatunsisf.o)
 .data          0x00000000        0x0 c:/program files (x86)/gnu tools arm embedded/4.8 2014q2/bin/../lib/gcc/arm-none-eabi/4.8.4/armv6-m\libgcc.a(_clzsi2.o)
 .bss           0x00000000        0x0 c:/program files (x86)/gnu tools arm embedded/4.8 2014q2/bin/../lib/gcc/arm-none-eabi/4.8.4/armv6-m\libgcc.a(_clzsi2.o)

Memory Configuration

Name             Origin             Length             Attributes
rom              0x08000000         0x00010000         xr
ram              0x20000000         0x00002000         xrw
*default*        0x00000000         0xffffffff

Linker script and memory map

                0x20002000                _eram = 0x20002000

.text           0x08000000     0x1594
 *(.isr_vector)
 .isr_vector    0x08000000       0xc4 ..\obj\startup_stm32f0xx.o
                0x08000000                g_pfnVectors
 *(.text*)
 .text.RCC_GetClocksFreq
                0x080000c4      0x1cc ..\obj\stm32f0xx_rcc.o
                0x080000c4                RCC_GetClocksFreq
 .text.RCC_AHBPeriphClockCmd
                0x08000290       0x3c ..\obj\stm32f0xx_rcc.o
                0x08000290                RCC_AHBPeriphClockCmd
 .text.RCC_APB1PeriphClockCmd
                0x080002cc       0x3c ..\obj\stm32f0xx_rcc.o
                0x080002cc                RCC_APB1PeriphClockCmd
 .text.NVIC_SetPriority
                0x08000308       0xe0 ..\obj\main.o
 .text.SysTick_Config
                0x080003e8       0x4c ..\obj\main.o
 .text.SR04_SendPulse
                0x08000434       0x98 ..\obj\main.o
                0x08000434                SR04_SendPulse
 .text.EXTI0_1_IRQHandler
                0x080004cc       0x68 ..\obj\main.o
                0x080004cc                EXTI0_1_IRQHandler
 .text.TIM2_IRQHandler
                0x08000534       0x48 ..\obj\main.o
                0x08000534                TIM2_IRQHandler
 .text.SysTick_Handler
                0x0800057c       0x18 ..\obj\main.o
                0x0800057c                SysTick_Handler
 .text.Delay    0x08000594       0x2c ..\obj\main.o
                0x08000594                Delay
 .text.main     0x080005c0      0x1ec ..\obj\main.o
                0x080005c0                main
 .text.Reset_Handler
                0x080007ac       0x4c ..\obj\startup_stm32f0xx.o
                0x080007ac                Reset_Handler
 .text.Default_Handler
                0x080007f8        0x2 ..\obj\startup_stm32f0xx.o
                0x080007f8                TIM1_CC_IRQHandler
                0x080007f8                HardFault_Handler
                0x080007f8                ADC1_COMP_IRQHandler
                0x080007f8                PVD_IRQHandler
                0x080007f8                PendSV_Handler
                0x080007f8                NMI_Handler
                0x080007f8                I2C1_IRQHandler
                0x080007f8                SPI1_IRQHandler
                0x080007f8                TIM6_DAC_IRQHandler
                0x080007f8                EXTI2_3_IRQHandler
                0x080007f8                I2C2_IRQHandler
                0x080007f8                TIM17_IRQHandler
                0x080007f8                RTC_IRQHandler
                0x080007f8                TIM16_IRQHandler
                0x080007f8                TIM3_IRQHandler
                0x080007f8                EXTI4_15_IRQHandler
                0x080007f8                RCC_IRQHandler
                0x080007f8                DMA1_Channel1_IRQHandler
                0x080007f8                Default_Handler
                0x080007f8                CEC_IRQHandler
                0x080007f8                TIM14_IRQHandler
                0x080007f8                DMA1_Channel4_5_IRQHandler
                0x080007f8                TIM15_IRQHandler
                0x080007f8                SPI2_IRQHandler
                0x080007f8                SVC_Handler
                0x080007f8                TS_IRQHandler
                0x080007f8                WWDG_IRQHandler
                0x080007f8                DMA1_Channel2_3_IRQHandler
                0x080007f8                USART2_IRQHandler
                0x080007f8                FLASH_IRQHandler
                0x080007f8                USART1_IRQHandler
                0x080007f8                TIM1_BRK_UP_TRG_COM_IRQHandler
 *fill*         0x080007fa        0x2 
 .text.SystemInit1
                0x080007fc       0x8c ..\obj\system_stm32f0xx_temp.o
                0x080007fc                SystemInit
                0x080007fc                SystemInit1
 .text.SetSysClock1
                0x08000888       0xe0 ..\obj\system_stm32f0xx_temp.o
                0x08000888                SetSysClock
 .text.GPIO_Init
                0x08000968      0x138 ..\obj\stm32f0xx_gpio.o
                0x08000968                GPIO_Init
 .text.GPIO_SetBits
                0x08000aa0       0x1c ..\obj\stm32f0xx_gpio.o
                0x08000aa0                GPIO_SetBits
 .text.GPIO_ResetBits
                0x08000abc       0x1c ..\obj\stm32f0xx_gpio.o
                0x08000abc                GPIO_ResetBits
 .text.TIM_TimeBaseInit
                0x08000ad8       0xf0 ..\obj\stm32f0xx_tim.o
                0x08000ad8                TIM_TimeBaseInit
 .text.TIM_SetCounter
                0x08000bc8       0x18 ..\obj\stm32f0xx_tim.o
                0x08000bc8                TIM_SetCounter
 .text.TIM_GetCounter
                0x08000be0       0x14 ..\obj\stm32f0xx_tim.o
                0x08000be0                TIM_GetCounter
 .text.TIM_Cmd  0x08000bf4       0x40 ..\obj\stm32f0xx_tim.o
                0x08000bf4                TIM_Cmd
 .text.TIM_ITConfig
                0x08000c34       0x48 ..\obj\stm32f0xx_tim.o
                0x08000c34                TIM_ITConfig
 .text.TIM_GetITStatus
                0x08000c7c       0x80 ..\obj\stm32f0xx_tim.o
                0x08000c7c                TIM_GetITStatus
 .text.TIM_ClearITPendingBit
                0x08000cfc       0x20 ..\obj\stm32f0xx_tim.o
                0x08000cfc                TIM_ClearITPendingBit
 .text.EXTI_Init
                0x08000d1c       0xd8 ..\obj\stm32f0xx_exti.o
                0x08000d1c                EXTI_Init
 .text.EXTI_GetITStatus
                0x08000df4       0x40 ..\obj\stm32f0xx_exti.o
                0x08000df4                EXTI_GetITStatus
 .text.EXTI_ClearITPendingBit
                0x08000e34       0x18 ..\obj\stm32f0xx_exti.o
                0x08000e34                EXTI_ClearITPendingBit
 .text.NVIC_Init
                0x08000e4c       0xac ..\obj\stm32f0xx_misc.o
                0x08000e4c                NVIC_Init
 .text          0x08000ef8       0x9c c:/program files (x86)/gnu tools arm embedded/4.8 2014q2/bin/../lib/gcc/arm-none-eabi/4.8.4/armv6-m\libgcc.a(_udivsi3.o)
                0x08000ef8                __aeabi_uidiv
                0x08000ef8                __udivsi3
                0x08000f80                __aeabi_uidivmod
 .text          0x08000f94        0x4 c:/program files (x86)/gnu tools arm embedded/4.8 2014q2/bin/../lib/gcc/arm-none-eabi/4.8.4/armv6-m\libgcc.a(_dvmd_tls.o)
                0x08000f94                __aeabi_idiv0
                0x08000f94                __aeabi_ldiv0
 .text          0x08000f98      0x24c c:/program files (x86)/gnu tools arm embedded/4.8 2014q2/bin/../lib/gcc/arm-none-eabi/4.8.4/armv6-m\libgcc.a(divsf3.o)
                0x08000f98                __aeabi_fdiv
 .text          0x080011e4      0x254 c:/program files (x86)/gnu tools arm embedded/4.8 2014q2/bin/../lib/gcc/arm-none-eabi/4.8.4/armv6-m\libgcc.a(mulsf3.o)
                0x080011e4                __aeabi_fmul
 .text          0x08001438       0xa0 c:/program files (x86)/gnu tools arm embedded/4.8 2014q2/bin/../lib/gcc/arm-none-eabi/4.8.4/armv6-m\libgcc.a(floatunsisf.o)
                0x08001438                __aeabi_ui2f
 .text          0x080014d8       0x3c c:/program files (x86)/gnu tools arm embedded/4.8 2014q2/bin/../lib/gcc/arm-none-eabi/4.8.4/armv6-m\libgcc.a(_clzsi2.o)
                0x080014d8                __clzsi2
 *(.init)
 *(.fini)
 *crtbegin.o(.ctors)
 *crtbegin?.o(.ctors)
 *(EXCLUDE_FILE(*crtend.o *crtend?.o) .ctors)
 *(SORT(.ctors.*))
 *(.ctors)
 *crtbegin.o(.dtors)
 *crtbegin?.o(.dtors)
 *(EXCLUDE_FILE(*crtend.o *crtend?.o) .dtors)
 *(SORT(.dtors.*))
 *(.dtors)
 *(.rodata*)
 .rodata        0x08001514       0x40 c:/program files (x86)/gnu tools arm embedded/4.8 2014q2/bin/../lib/gcc/arm-none-eabi/4.8.4/armv6-m\libgcc.a(divsf3.o)
 .rodata        0x08001554       0x40 c:/program files (x86)/gnu tools arm embedded/4.8 2014q2/bin/../lib/gcc/arm-none-eabi/4.8.4/armv6-m\libgcc.a(mulsf3.o)
 *(.eh_fram e*)

.glue_7         0x08001594        0x0
 .glue_7        0x00000000        0x0 linker stubs

.glue_7t        0x08001594        0x0
 .glue_7t       0x00000000        0x0 linker stubs

.vfp11_veneer   0x08001594        0x0
 .vfp11_veneer  0x00000000        0x0 linker stubs

.v4_bx          0x08001594        0x0
 .v4_bx         0x00000000        0x0 linker stubs

.iplt           0x08001594        0x0
 .iplt          0x00000000        0x0 ..\obj\stm32f0xx_rcc.o

.rel.dyn        0x08001594        0x0
 .rel.iplt      0x00000000        0x0 ..\obj\stm32f0xx_rcc.o

.ARM.extab
 *(.ARM.extab* .gnu.linkonce.armextab.*)
                0x08001594                __exidx_start = .

.ARM.exidx
 *(.ARM.exidx* .gnu.linkonce.armexidx.*)
                0x08001594                __exidx_end = .
                0x08001594                __etext = .
                0x08001594                _sidata = __etext

.data           0x20000000       0x28 load address 0x08001594
                0x20000000                __data_start__ = .
                0x20000000                _sdata = __data_start__
 *(vtable)
 *(.data*)
 .data          0x20000000       0x10 ..\obj\stm32f0xx_rcc.o
 .data          0x20000010        0x1 ..\obj\main.o
                0x20000010                PulseEnded
 *fill*         0x20000011        0x3 
 .data          0x20000014       0x14 ..\obj\system_stm32f0xx_temp.o
                0x20000014                SystemCoreClock
                0x20000018                AHBPrescTable
                0x20000028                . = ALIGN (0x4)
                0x20000028                PROVIDE (__preinit_array_start, .)
 *(.preinit_array)
                0x20000028                PROVIDE (__preinit_array_end, .)
                0x20000028                . = ALIGN (0x4)
                0x20000028                PROVIDE (__init_array_start, .)
 *(SORT(.init_array.*))
 *(.init_array)
                0x20000028                PROVIDE (__init_array_end, .)
                0x20000028                . = ALIGN (0x4)
                0x20000028                PROVIDE (__fini_array_start, .)
 *(SORT(.fini_array.*))
 *(.fini_array)
                0x20000028                PROVIDE (__fini_array_end, .)
 *(.jcr*)
                0x20000028                . = ALIGN (0x4)
                0x20000028                __data_end__ = .
                0x20000028                _edata = __data_end__

.igot.plt       0x20000028        0x0 load address 0x080015bc
 .igot.plt      0x00000000        0x0 ..\obj\stm32f0xx_rcc.o

.bss            0x20000028       0x48 load address 0x080015bc
                0x20000028                . = ALIGN (0x4)
                0x20000028                __bss_start__ = .
                0x20000028                _sbss = __bss_start__
 *(.bss*)
 .bss           0x20000028        0xc ..\obj\main.o
                0x20000028                InterruptEdge
                0x20000029                TimerOverflow
                0x2000002c                PulseTime
                0x20000030                MSec
 *(COMMON)
 COMMON         0x20000034       0x3c ..\obj\main.o
                0x20000034                N
                0x20000038                TB
                0x20000044                G
                0x2000004c                E
                0x20000054                RC
                0x20000070                . = ALIGN (0x4)
                0x20000070                __bss_end__ = .
                0x20000070                _ebss = __bss_end__

.heap           0x20000070        0x0
                0x20000070                __end__ = .
                0x20000070                _end = __end__
                0x20000070                end = __end__
 *(.heap*)
                0x20000070                __HeapLimit = .

.co_stack       0x20000070        0x0
                0x20000070                . = ALIGN (0x8)
 *(.co_stack .co_stack.*)
                0x20002000                __StackTop = (ORIGIN (ram) + 0x2000)
                0x20002000                __StackLimit = (__StackTop - SIZEOF (.co_stack))
                0x20002000                PROVIDE (__stack, __StackTop)
                0x00000001                ASSERT ((__StackLimit >= __HeapLimit), region ram  overflowed with stack)
LOAD ..\obj\stm32f0xx_rcc.o
LOAD ..\obj\main.o
LOAD ..\obj\startup_stm32f0xx.o
LOAD ..\obj\system_stm32f0xx_temp.o
LOAD ..\obj\stm32f0xx_gpio.o
LOAD ..\obj\stm32f0xx_tim.o
LOAD ..\obj\stm32f0xx_exti.o
LOAD ..\obj\stm32f0xx_misc.o
START GROUP
LOAD c:/program files (x86)/gnu tools arm embedded/4.8 2014q2/bin/../lib/gcc/arm-none-eabi/4.8.4/armv6-m\libgcc.a
LOAD c:/program files (x86)/gnu tools arm embedded/4.8 2014q2/bin/../lib/gcc/arm-none-eabi/4.8.4/../../../../arm-none-eabi/lib/armv6-m\libg.a
LOAD c:/program files (x86)/gnu tools arm embedded/4.8 2014q2/bin/../lib/gcc/arm-none-eabi/4.8.4/../../../../arm-none-eabi/lib/armv6-m\libc.a
END GROUP
OUTPUT(HC-04Ultrasonic.elf elf32-littlearm)

.debug_info     0x00000000     0x4116
 .debug_info    0x00000000      0x99a ..\obj\stm32f0xx_rcc.o
 .debug_info    0x0000099a      0xadf ..\obj\main.o
 .debug_info    0x00001479      0x101 ..\obj\startup_stm32f0xx.o
 .debug_info    0x0000157a      0x2ef ..\obj\system_stm32f0xx_temp.o
 .debug_info    0x00001869      0x5cf ..\obj\stm32f0xx_gpio.o
 .debug_info    0x00001e38     0x1c67 ..\obj\stm32f0xx_tim.o
 .debug_info    0x00003a9f      0x30d ..\obj\stm32f0xx_exti.o
 .debug_info    0x00003dac      0x36a ..\obj\stm32f0xx_misc.o

.debug_abbrev   0x00000000      0xb6d
 .debug_abbrev  0x00000000      0x1ec ..\obj\stm32f0xx_rcc.o
 .debug_abbrev  0x000001ec      0x216 ..\obj\main.o
 .debug_abbrev  0x00000402       0x12 ..\obj\startup_stm32f0xx.o
 .debug_abbrev  0x00000414      0x134 ..\obj\system_stm32f0xx_temp.o
 .debug_abbrev  0x00000548      0x19b ..\obj\stm32f0xx_gpio.o
 .debug_abbrev  0x000006e3      0x1b5 ..\obj\stm32f0xx_tim.o
 .debug_abbrev  0x00000898      0x192 ..\obj\stm32f0xx_exti.o
 .debug_abbrev  0x00000a2a      0x143 ..\obj\stm32f0xx_misc.o

.debug_aranges  0x00000000      0x608
 .debug_aranges
                0x00000000      0x150 ..\obj\stm32f0xx_rcc.o
 .debug_aranges
                0x00000150       0x58 ..\obj\main.o
 .debug_aranges
                0x000001a8       0x28 ..\obj\startup_stm32f0xx.o
 .debug_aranges
                0x000001d0       0x30 ..\obj\system_stm32f0xx_temp.o
 .debug_aranges
                0x00000200       0x80 ..\obj\stm32f0xx_gpio.o
 .debug_aranges
                0x00000280      0x300 ..\obj\stm32f0xx_tim.o
 .debug_aranges
                0x00000580       0x58 ..\obj\stm32f0xx_exti.o
 .debug_aranges
                0x000005d8       0x30 ..\obj\stm32f0xx_misc.o

.debug_ranges   0x00000000      0x590
 .debug_ranges  0x00000000      0x140 ..\obj\stm32f0xx_rcc.o
 .debug_ranges  0x00000140       0x48 ..\obj\main.o
 .debug_ranges  0x00000188       0x20 ..\obj\startup_stm32f0xx.o
 .debug_ranges  0x000001a8       0x20 ..\obj\system_stm32f0xx_temp.o
 .debug_ranges  0x000001c8       0x70 ..\obj\stm32f0xx_gpio.o
 .debug_ranges  0x00000238      0x2f0 ..\obj\stm32f0xx_tim.o
 .debug_ranges  0x00000528       0x48 ..\obj\stm32f0xx_exti.o
 .debug_ranges  0x00000570       0x20 ..\obj\stm32f0xx_misc.o

.debug_line     0x00000000     0x1fbc
 .debug_line    0x00000000      0x584 ..\obj\stm32f0xx_rcc.o
 .debug_line    0x00000584      0x3ed ..\obj\main.o
 .debug_line    0x00000971       0xd6 ..\obj\startup_stm32f0xx.o
 .debug_line    0x00000a47      0x1e4 ..\obj\system_stm32f0xx_temp.o
 .debug_line    0x00000c2b      0x35f ..\obj\stm32f0xx_gpio.o
 .debug_line    0x00000f8a      0xa84 ..\obj\stm32f0xx_tim.o
 .debug_line    0x00001a0e      0x2da ..\obj\stm32f0xx_exti.o
 .debug_line    0x00001ce8      0x2d4 ..\obj\stm32f0xx_misc.o

.debug_str      0x00000000     0x1d46
 .debug_str     0x00000000      0x6ad ..\obj\stm32f0xx_rcc.o
                                0x746 (size before relaxing)
 .debug_str     0x000006ad      0x74a ..\obj\main.o
                                0x952 (size before relaxing)
 .debug_str     0x00000df7       0xc5 ..\obj\system_stm32f0xx_temp.o
                                0x2bd (size before relaxing)
 .debug_str     0x00000ebc      0x1b6 ..\obj\stm32f0xx_gpio.o
                                0x4ad (size before relaxing)
 .debug_str     0x00001072      0xad3 ..\obj\stm32f0xx_tim.o
                                0xdff (size before relaxing)
 .debug_str     0x00001b45      0x123 ..\obj\stm32f0xx_exti.o
                                0x350 (size before relaxing)
 .debug_str     0x00001c68       0xde ..\obj\stm32f0xx_misc.o
                                0x317 (size before relaxing)

.comment        0x00000000       0x70
 .comment       0x00000000       0x70 ..\obj\stm32f0xx_rcc.o
                                 0x71 (size before relaxing)
 .comment       0x00000000       0x71 ..\obj\main.o
 .comment       0x00000000       0x71 ..\obj\system_stm32f0xx_temp.o
 .comment       0x00000000       0x71 ..\obj\stm32f0xx_gpio.o
 .comment       0x00000000       0x71 ..\obj\stm32f0xx_tim.o
 .comment       0x00000000       0x71 ..\obj\stm32f0xx_exti.o
 .comment       0x00000000       0x71 ..\obj\stm32f0xx_misc.o

.ARM.attributes
                0x00000000       0x2f
 .ARM.attributes
                0x00000000       0x31 ..\obj\stm32f0xx_rcc.o
 .ARM.attributes
                0x00000031       0x31 ..\obj\main.o
 .ARM.attributes
                0x00000062       0x21 ..\obj\startup_stm32f0xx.o
 .ARM.attributes
                0x00000083       0x31 ..\obj\system_stm32f0xx_temp.o
 .ARM.attributes
                0x000000b4       0x31 ..\obj\stm32f0xx_gpio.o
 .ARM.attributes
                0x000000e5       0x31 ..\obj\stm32f0xx_tim.o
 .ARM.attributes
                0x00000116       0x31 ..\obj\stm32f0xx_exti.o
 .ARM.attributes
                0x00000147       0x31 ..\obj\stm32f0xx_misc.o
 .ARM.attributes
                0x00000178       0x1e c:/program files (x86)/gnu tools arm embedded/4.8 2014q2/bin/../lib/gcc/arm-none-eabi/4.8.4/armv6-m\libgcc.a(_udivsi3.o)
 .ARM.attributes
                0x00000196       0x1e c:/program files (x86)/gnu tools arm embedded/4.8 2014q2/bin/../lib/gcc/arm-none-eabi/4.8.4/armv6-m\libgcc.a(_dvmd_tls.o)
 .ARM.attributes
                0x000001b4       0x2c c:/program files (x86)/gnu tools arm embedded/4.8 2014q2/bin/../lib/gcc/arm-none-eabi/4.8.4/armv6-m\libgcc.a(divsf3.o)
 .ARM.attributes
                0x000001e0       0x2c c:/program files (x86)/gnu tools arm embedded/4.8 2014q2/bin/../lib/gcc/arm-none-eabi/4.8.4/armv6-m\libgcc.a(mulsf3.o)
 .ARM.attributes
                0x0000020c       0x2c c:/program files (x86)/gnu tools arm embedded/4.8 2014q2/bin/../lib/gcc/arm-none-eabi/4.8.4/armv6-m\libgcc.a(floatunsisf.o)
 .ARM.attributes
                0x00000238       0x1e c:/program files (x86)/gnu tools arm embedded/4.8 2014q2/bin/../lib/gcc/arm-none-eabi/4.8.4/armv6-m\libgcc.a(_clzsi2.o)

.debug_frame    0x00000000     0x15f0
 .debug_frame   0x00000000      0x4e4 ..\obj\stm32f0xx_rcc.o
 .debug_frame   0x000004e4      0x104 ..\obj\main.o
 .debug_frame   0x000005e8       0x6c ..\obj\system_stm32f0xx_temp.o
 .debug_frame   0x00000654      0x1b0 ..\obj\stm32f0xx_gpio.o
 .debug_frame   0x00000804      0xbb0 ..\obj\stm32f0xx_tim.o
 .debug_frame   0x000013b4      0x10c ..\obj\stm32f0xx_exti.o
 .debug_frame   0x000014c0       0x70 ..\obj\stm32f0xx_misc.o
 .debug_frame   0x00001530       0x20 c:/program files (x86)/gnu tools arm embedded/4.8 2014q2/bin/../lib/gcc/arm-none-eabi/4.8.4/armv6-m\libgcc.a(_udivsi3.o)
 .debug_frame   0x00001550       0x3c c:/program files (x86)/gnu tools arm embedded/4.8 2014q2/bin/../lib/gcc/arm-none-eabi/4.8.4/armv6-m\libgcc.a(divsf3.o)
 .debug_frame   0x0000158c       0x3c c:/program files (x86)/gnu tools arm embedded/4.8 2014q2/bin/../lib/gcc/arm-none-eabi/4.8.4/armv6-m\libgcc.a(mulsf3.o)
 .debug_frame   0x000015c8       0x28 c:/program files (x86)/gnu tools arm embedded/4.8 2014q2/bin/../lib/gcc/arm-none-eabi/4.8.4/armv6-m\libgcc.a(floatunsisf.o)
